This is pdfTeX, Version 3.141592653-2.6-1.40.29 (TeX Live 2026) (preloaded format=pdflatex 2026.3.19)  14 JUN 2026 19:23
entering extended mode
 restricted \write18 enabled.
 file:line:error style messages enabled.
 %&-line parsing enabled.
**/Users/samaramiranda/Documents/ANADI/Trabalho_1/Trabalho_2/Conference-LaTeX-template_10-17-19/conference_101719.tex
(/Users/samaramiranda/Documents/ANADI/Trabalho_1/Trabalho_2/Conference-LaTeX-template_10-17-19/conference_101719.tex
LaTeX2e <2025-11-01>
L3 programming layer <2026-01-19>
(./IEEEtran.cls
Document Class: IEEEtran 2015/08/26 V1.8b by Michael Shell
-- See the "IEEEtran_HOWTO" manual for usage information.
-- http://www.michaelshell.org/tex/ieeetran/
\@IEEEtrantmpdimenA=\dimen148
\@IEEEtrantmpdimenB=\dimen149
\@IEEEtrantmpdimenC=\dimen150
\@IEEEtrantmpcountA=\count275
\@IEEEtrantmpcountB=\count276
\@IEEEtrantmpcountC=\count277
\@IEEEtrantmptoksA=\toks17
LaTeX Font Info:    Trying to load font information for OT1+ptm on input line 503.
(/usr/local/texlive/2026/texmf-dist/tex/latex/psnfss/ot1ptm.fd
File: ot1ptm.fd 2001/06/04 font definitions for OT1/ptm.
)
-- Using 8.5in x 11in (letter) paper.
-- Using PDF output.
\@IEEEnormalsizeunitybaselineskip=\dimen151
-- This is a 10 point document.
LaTeX Encoding Info:    Redeclaring text command \textunderscore (encoding ?) on input line 937.
\CLASSINFOnormalsizebaselineskip=\dimen152
\CLASSINFOnormalsizeunitybaselineskip=\dimen153
\IEEEnormaljot=\dimen154
LaTeX Font Info:    Font shape `OT1/ptm/bx/n' in size <5> not available
(Font)              Font shape `OT1/ptm/b/n' tried instead on input line 1090.
LaTeX Font Info:    Font shape `OT1/ptm/bx/it' in size <5> not available
(Font)              Font shape `OT1/ptm/b/it' tried instead on input line 1090.
LaTeX Font Info:    Font shape `OT1/ptm/bx/n' in size <7> not available
(Font)              Font shape `OT1/ptm/b/n' tried instead on input line 1090.
LaTeX Font Info:    Font shape `OT1/ptm/bx/it' in size <7> not available
(Font)              Font shape `OT1/ptm/b/it' tried instead on input line 1090.
LaTeX Font Info:    Font shape `OT1/ptm/bx/n' in size <8> not available
(Font)              Font shape `OT1/ptm/b/n' tried instead on input line 1090.
LaTeX Font Info:    Font shape `OT1/ptm/bx/it' in size <8> not available
(Font)              Font shape `OT1/ptm/b/it' tried instead on input line 1090.
LaTeX Font Info:    Font shape `OT1/ptm/bx/n' in size <9> not available
(Font)              Font shape `OT1/ptm/b/n' tried instead on input line 1090.
LaTeX Font Info:    Font shape `OT1/ptm/bx/it' in size <9> not available
(Font)              Font shape `OT1/ptm/b/it' tried instead on input line 1090.
LaTeX Font Info:    Font shape `OT1/ptm/bx/n' in size <10> not available
(Font)              Font shape `OT1/ptm/b/n' tried instead on input line 1090.
LaTeX Font Info:    Font shape `OT1/ptm/bx/it' in size <10> not available
(Font)              Font shape `OT1/ptm/b/it' tried instead on input line 1090.
LaTeX Font Info:    Font shape `OT1/ptm/bx/n' in size <11> not available
(Font)              Font shape `OT1/ptm/b/n' tried instead on input line 1090.
LaTeX Font Info:    Font shape `OT1/ptm/bx/it' in size <11> not available
(Font)              Font shape `OT1/ptm/b/it' tried instead on input line 1090.
LaTeX Font Info:    Font shape `OT1/ptm/bx/n' in size <12> not available
(Font)              Font shape `OT1/ptm/b/n' tried instead on input line 1090.
LaTeX Font Info:    Font shape `OT1/ptm/bx/it' in size <12> not available
(Font)              Font shape `OT1/ptm/b/it' tried instead on input line 1090.
LaTeX Font Info:    Font shape `OT1/ptm/bx/n' in size <17> not available
(Font)              Font shape `OT1/ptm/b/n' tried instead on input line 1090.
LaTeX Font Info:    Font shape `OT1/ptm/bx/it' in size <17> not available
(Font)              Font shape `OT1/ptm/b/it' tried instead on input line 1090.
LaTeX Font Info:    Font shape `OT1/ptm/bx/n' in size <20> not available
(Font)              Font shape `OT1/ptm/b/n' tried instead on input line 1090.
LaTeX Font Info:    Font shape `OT1/ptm/bx/it' in size <20> not available
(Font)              Font shape `OT1/ptm/b/it' tried instead on input line 1090.
LaTeX Font Info:    Font shape `OT1/ptm/bx/n' in size <24> not available
(Font)              Font shape `OT1/ptm/b/n' tried instead on input line 1090.
LaTeX Font Info:    Font shape `OT1/ptm/bx/it' in size <24> not available
(Font)              Font shape `OT1/ptm/b/it' tried instead on input line 1090.
\IEEEquantizedlength=\dimen155
\IEEEquantizedlengthdiff=\dimen156
\IEEEquantizedtextheightdiff=\dimen157
\IEEEilabelindentA=\dimen158
\IEEEilabelindentB=\dimen159
\IEEEilabelindent=\dimen160
\IEEEelabelindent=\dimen161
\IEEEdlabelindent=\dimen162
\IEEElabelindent=\dimen163
\IEEEiednormlabelsep=\dimen164
\IEEEiedmathlabelsep=\dimen165
\IEEEiedtopsep=\skip49
\c@section=\count278
\c@subsection=\count279
\c@subsubsection=\count280
\c@paragraph=\count281
\c@IEEEsubequation=\count282
\abovecaptionskip=\skip50
\belowcaptionskip=\skip51
\c@figure=\count283
\c@table=\count284
\@IEEEeqnnumcols=\count285
\@IEEEeqncolcnt=\count286
\@IEEEsubeqnnumrollback=\count287
\@IEEEquantizeheightA=\dimen166
\@IEEEquantizeheightB=\dimen167
\@IEEEquantizeheightC=\dimen168
\@IEEEquantizeprevdepth=\dimen169
\@IEEEquantizemultiple=\count288
\@IEEEquantizeboxA=\box53
\@IEEEtmpitemindent=\dimen170
\IEEEPARstartletwidth=\dimen171
\c@IEEEbiography=\count289
\@IEEEtranrubishbin=\box54
)
** ATTENTION: Overriding command lockouts (line 2).
(/usr/local/texlive/2026/texmf-dist/tex/latex/cite/cite.sty
LaTeX Info: Redefining \cite on input line 302.
LaTeX Info: Redefining \nocite on input line 332.
Package: cite 2015/02/27  v 5.5
) (/usr/local/texlive/2026/texmf-dist/tex/latex/amsmath/amsmath.sty
Package: amsmath 2025/07/09 v2.17z AMS math features
\@mathmargin=\skip52

For additional information on amsmath, use the `?' option.
(/usr/local/texlive/2026/texmf-dist/tex/latex/amsmath/amstext.sty
Package: amstext 2024/11/17 v2.01 AMS text
 (/usr/local/texlive/2026/texmf-dist/tex/latex/amsmath/amsgen.sty
File: amsgen.sty 1999/11/30 v2.0 generic functions
\@emptytoks=\toks18
\ex@=\dimen172
)) (/usr/local/texlive/2026/texmf-dist/tex/latex/amsmath/amsbsy.sty
Package: amsbsy 1999/11/29 v1.2d Bold Symbols
\pmbraise@=\dimen173
) (/usr/local/texlive/2026/texmf-dist/tex/latex/amsmath/amsopn.sty
Package: amsopn 2022/04/08 v2.04 operator names
)
\inf@bad=\count290
LaTeX Info: Redefining \frac on input line 233.
\uproot@=\count291
\leftroot@=\count292
LaTeX Info: Redefining \overline on input line 398.
LaTeX Info: Redefining \colon on input line 409.
\classnum@=\count293
\DOTSCASE@=\count294
LaTeX Info: Redefining \ldots on input line 495.
LaTeX Info: Redefining \dots on input line 498.
LaTeX Info: Redefining \cdots on input line 619.
\Mathstrutbox@=\box55
\strutbox@=\box56
LaTeX Info: Redefining \big on input line 721.
LaTeX Info: Redefining \Big on input line 722.
LaTeX Info: Redefining \bigg on input line 723.
LaTeX Info: Redefining \Bigg on input line 724.
\big@size=\dimen174
LaTeX Font Info:    Redeclaring font encoding OML on input line 742.
LaTeX Font Info:    Redeclaring font encoding OMS on input line 743.
\macc@depth=\count295
LaTeX Info: Redefining \bmod on input line 904.
LaTeX Info: Redefining \pmod on input line 909.
LaTeX Info: Redefining \smash on input line 939.
LaTeX Info: Redefining \relbar on input line 969.
LaTeX Info: Redefining \Relbar on input line 970.
\c@MaxMatrixCols=\count296
\dotsspace@=\muskip17
\c@parentequation=\count297
\dspbrk@lvl=\count298
\tag@help=\toks19
\row@=\count299
\column@=\count300
\maxfields@=\count301
\andhelp@=\toks20
\eqnshift@=\dimen175
\alignsep@=\dimen176
\tagshift@=\dimen177
\tagwidth@=\dimen178
\totwidth@=\dimen179
\lineht@=\dimen180
\@envbody=\toks21
\multlinegap=\skip53
\multlinetaggap=\skip54
\mathdisplay@stack=\toks22
LaTeX Info: Redefining \[ on input line 2950.
LaTeX Info: Redefining \] on input line 2951.
) (/usr/local/texlive/2026/texmf-dist/tex/latex/amsfonts/amssymb.sty
Package: amssymb 2013/01/14 v3.01 AMS font symbols
 (/usr/local/texlive/2026/texmf-dist/tex/latex/amsfonts/amsfonts.sty
Package: amsfonts 2013/01/14 v3.01 Basic AMSFonts support
\symAMSa=\mathgroup4
\symAMSb=\mathgroup5
LaTeX Font Info:    Redeclaring math symbol \hbar on input line 98.
LaTeX Font Info:    Overwriting math alphabet `\mathfrak' in version `bold'
(Font)                  U/euf/m/n --> U/euf/b/n on input line 106.
)) (/usr/local/texlive/2026/texmf-dist/tex/latex/algorithms/algorithmic.sty
Package: algorithmic 2009/08/24 v0.1 Document Style `algorithmic'
 (/usr/local/texlive/2026/texmf-dist/tex/latex/base/ifthen.sty
Package: ifthen 2024/03/16 v1.1e Standard LaTeX ifthen package (DPC)
) (/usr/local/texlive/2026/texmf-dist/tex/latex/graphics/keyval.sty
Package: keyval 2022/05/29 v1.15 key=value parser (DPC)
\KV@toks@=\toks23
)
\c@ALC@unique=\count302
\c@ALC@line=\count303
\c@ALC@rem=\count304
\c@ALC@depth=\count305
\ALC@tlm=\skip55
\algorithmicindent=\skip56
) (/usr/local/texlive/2026/texmf-dist/tex/latex/graphics/graphicx.sty
Package: graphicx 2024/12/31 v1.2e Enhanced LaTeX Graphics (DPC,SPQR)
 (/usr/local/texlive/2026/texmf-dist/tex/latex/graphics/graphics.sty
Package: graphics 2024/08/06 v1.4g Standard LaTeX Graphics (DPC,SPQR)
 (/usr/local/texlive/2026/texmf-dist/tex/latex/graphics/trig.sty
Package: trig 2023/12/02 v1.11 sin cos tan (DPC)
) (/usr/local/texlive/2026/texmf-dist/tex/latex/graphics-cfg/graphics.cfg
File: graphics.cfg 2016/06/04 v1.11 sample graphics configuration
)
Package graphics Info: Driver file: pdftex.def on input line 106.
 (/usr/local/texlive/2026/texmf-dist/tex/latex/graphics-def/pdftex.def
File: pdftex.def 2025/09/29 v1.2d Graphics/color driver for pdftex
))
\Gin@req@height=\dimen181
\Gin@req@width=\dimen182
) (/usr/local/texlive/2026/texmf-dist/tex/latex/base/textcomp.sty
Package: textcomp 2024/04/24 v2.1b Standard LaTeX package
) (/usr/local/texlive/2026/texmf-dist/tex/latex/xcolor/xcolor.sty
Package: xcolor 2024/09/29 v3.02 LaTeX color extensions (UK)
 (/usr/local/texlive/2026/texmf-dist/tex/latex/graphics-cfg/color.cfg
File: color.cfg 2016/01/02 v1.6 sample color configuration
)
Package xcolor Info: Driver file: pdftex.def on input line 274.
 (/usr/local/texlive/2026/texmf-dist/tex/latex/graphics/mathcolor.ltx)
Package xcolor Info: Model `cmy' substituted by `cmy0' on input line 1349.
Package xcolor Info: Model `hsb' substituted by `rgb' on input line 1353.
Package xcolor Info: Model `RGB' extended on input line 1365.
Package xcolor Info: Model `HTML' substituted by `rgb' on input line 1367.
Package xcolor Info: Model `Hsb' substituted by `hsb' on input line 1368.
Package xcolor Info: Model `tHsb' substituted by `hsb' on input line 1369.
Package xcolor Info: Model `HSB' substituted by `hsb' on input line 1370.
Package xcolor Info: Model `Gray' substituted by `gray' on input line 1371.
Package xcolor Info: Model `wave' substituted by `hsb' on input line 1372.
) (/usr/local/texlive/2026/texmf-dist/tex/latex/caption/subcaption.sty
Package: subcaption 2023/07/28 v1.6b Sub-captions (AR)
 (/usr/local/texlive/2026/texmf-dist/tex/latex/caption/caption.sty
Package: caption 2023/08/05 v3.6o Customizing captions (AR)
 (/usr/local/texlive/2026/texmf-dist/tex/latex/caption/caption3.sty
Package: caption3 2023/07/31 v2.4d caption3 kernel (AR)
\caption@tempdima=\dimen183
\captionmargin=\dimen184
\caption@leftmargin=\dimen185
\caption@rightmargin=\dimen186
\caption@width=\dimen187
\caption@indent=\dimen188
\caption@parindent=\dimen189
\caption@hangindent=\dimen190
Package caption Info: Unknown document class (or package),
(caption)             standard defaults will be used.
Package caption Info: \@makecaption = \long macro:#1#2->\ifx \@captype \@IEEEtablestring \footnotesize \bgroup \par \centering \@IEEEtabletopskipstrut {\normalfont \footnotesize #1}\\{\normalfont \footnotesize \scshape #2}\par \addvspace {0.5\baselineskip }\egroup \@IEEEtablecaptionsepspace \else \@IEEEfigurecaptionsepspace \setbox \@tempboxa \hbox {\normalfont \footnotesize {#1.}\nobreakspace \nobreakspace #2}\ifdim \wd \@tempboxa >\hsize \setbox \@tempboxa \hbox {\normalfont \footnotesize {#1.}\nobreakspace \nobreakspace }\parbox [t]{\hsize }{\normalfont \footnotesize \noindent \unhbox \@tempboxa #2}\else \ifCLASSOPTIONconference \hbox to\hsize {\normalfont \footnotesize \hfil \box \@tempboxa \hfil }\else \hbox to\hsize {\normalfont \footnotesize \box \@tempboxa \hfil }\fi \fi \fi  on input line 1175.
)

Package caption Warning: Unknown document class (or package),
(caption)                standard defaults will be used.
See the caption package documentation for explanation.

\c@caption@flags=\count306
\c@continuedfloat=\count307
)
Package caption Info: New subtype `subfigure' on input line 238.
\c@subfigure=\count308
Package caption Info: New subtype `subtable' on input line 238.
\c@subtable=\count309
) (/usr/local/texlive/2026/texmf-dist/tex/latex/booktabs/booktabs.sty
Package: booktabs 2020/01/12 v1.61803398 Publication quality tables
\heavyrulewidth=\dimen191
\lightrulewidth=\dimen192
\cmidrulewidth=\dimen193
\belowrulesep=\dimen194
\belowbottomsep=\dimen195
\aboverulesep=\dimen196
\abovetopsep=\dimen197
\cmidrulesep=\dimen198
\cmidrulekern=\dimen199
\defaultaddspace=\dimen256
\@cmidla=\count310
\@cmidlb=\count311
\@aboverulesep=\dimen257
\@belowrulesep=\dimen258
\@thisruleclass=\count312
\@lastruleclass=\count313
\@thisrulewidth=\dimen259
) (/usr/local/texlive/2026/texmf-dist/tex/latex/multirow/multirow.sty
Package: multirow 2024/11/12 v2.9 Span multiple rows of a table
\multirow@colwidth=\skip57
\multirow@cntb=\count314
\multirow@dima=\skip58
\bigstrutjot=\dimen260
) (/usr/local/texlive/2026/texmf-dist/tex/latex/l3backend/l3backend-pdftex.def
File: l3backend-pdftex.def 2025-10-09 L3 backend support: PDF output (pdfTeX)
\l__color_backend_stack_int=\count315
) (./conference_101719.aux)
\openout1 = `conference_101719.aux'.

LaTeX Font Info:    Checking defaults for OML/cmm/m/it on input line 15.
LaTeX Font Info:    ... okay on input line 15.
LaTeX Font Info:    Checking defaults for OMS/cmsy/m/n on input line 15.
LaTeX Font Info:    ... okay on input line 15.
LaTeX Font Info:    Checking defaults for OT1/cmr/m/n on input line 15.
LaTeX Font Info:    ... okay on input line 15.
LaTeX Font Info:    Checking defaults for T1/cmr/m/n on input line 15.
LaTeX Font Info:    ... okay on input line 15.
LaTeX Font Info:    Checking defaults for TS1/cmr/m/n on input line 15.
LaTeX Font Info:    ... okay on input line 15.
LaTeX Font Info:    Checking defaults for OMX/cmex/m/n on input line 15.
LaTeX Font Info:    ... okay on input line 15.
LaTeX Font Info:    Checking defaults for U/cmr/m/n on input line 15.
LaTeX Font Info:    ... okay on input line 15.

-- Lines per column: 56 (exact).
(/usr/local/texlive/2026/texmf-dist/tex/context/base/mkii/supp-pdf.mkii
[Loading MPS to PDF converter (version 2006.09.02).]
\scratchcounter=\count316
\scratchdimen=\dimen261
\scratchbox=\box57
\nofMPsegments=\count317
\nofMParguments=\count318
\everyMPshowfont=\toks24
\MPscratchCnt=\count319
\MPscratchDim=\dimen262
\MPnumerator=\count320
\makeMPintoPDFobject=\count321
\everyMPtoPDFconversion=\toks25
) (/usr/local/texlive/2026/texmf-dist/tex/latex/epstopdf-pkg/epstopdf-base.sty
Package: epstopdf-base 2020-01-24 v2.11 Base part for package epstopdf
Package epstopdf-base Info: Redefining graphics rule for `.eps' on input line 485.
 (/usr/local/texlive/2026/texmf-dist/tex/latex/latexconfig/epstopdf-sys.cfg
File: epstopdf-sys.cfg 2010/07/13 v1.3 Configuration of (r)epstopdf for TeX Live
))
Package caption Info: Begin \AtBeginDocument code.
Package caption Info: End \AtBeginDocument code.
LaTeX Font Info:    Calculating math sizes for size <11> on input line 40.
LaTeX Font Info:    Trying to load font information for U+msa on input line 40.
 (/usr/local/texlive/2026/texmf-dist/tex/latex/amsfonts/umsa.fd
File: umsa.fd 2013/01/14 v3.01 AMS symbols A
)
LaTeX Font Info:    Trying to load font information for U+msb on input line 40.
 (/usr/local/texlive/2026/texmf-dist/tex/latex/amsfonts/umsb.fd
File: umsb.fd 2013/01/14 v3.01 AMS symbols B
)
LaTeX Font Info:    Trying to load font information for OT1+pcr on input line 43.
 (/usr/local/texlive/2026/texmf-dist/tex/latex/psnfss/ot1pcr.fd
File: ot1pcr.fd 2001/06/04 font definitions for OT1/pcr.
)
Underfull \hbox (badness 10000) in paragraph at lines 46--48
[]\OT1/ptm/b/it/9 Index Terms\OT1/ptm/b/n/9 ---Aprendizagem Au-tom[]atica, Classifica[][]ao,
 []


Underfull \hbox (badness 1946) in paragraph at lines 52--53
[]\OT1/ptm/m/n/10 A integra[][]ao de in-fraestru-turas de car-rega-mento para
 []


Underfull \hbox (badness 1783) in paragraph at lines 56--57
[]\OT1/ptm/m/n/10 Definem-se dois prob-le-mas cen-trais. No prob-lema de
 []


Underfull \hbox (badness 1975) in paragraph at lines 65--66
\OT1/ptm/m/n/10 zar a distribui[][]ao das vari[]aveis es-tru-tu-rais (ca-paci-
 []


Underfull \hbox (badness 2762) in paragraph at lines 65--66
\OT1/ptm/m/n/10 dade, n[]umero de clientes, tipo con-stru-tivo) e das
 []

[1{/usr/local/texlive/2026/texmf-var/fonts/map/pdftex/updmap/pdftex.map}{/usr/local/texlive/2026/texmf-dist/fonts/enc/dvips/base/8r.enc}


]
Underfull \hbox (badness 1910) in paragraph at lines 83--84
\OT1/pcr/m/n/10 Seaborn\OT1/ptm/m/n/10 , \OT1/pcr/m/n/10 Scikit-learn\OT1/ptm/m/n/10 , \OT1/pcr/m/n/10 SciPy\OT1/ptm/m/n/10 , \OT1/pcr/m/n/10 Statsmodels \OT1/ptm/m/n/10 e
 []


Underfull \hbox (badness 10000) in paragraph at lines 87--88
[]\OT1/ptm/m/n/10 O \OT1/ptm/m/it/10 dataset \OT1/ptm/m/n/10 uti-lizado, \OT1/pcr/m/n/10 PTD_level_dataset.xlsx\OT1/ptm/m/n/10 ,
 []


Underfull \hbox (badness 10000) in paragraph at lines 87--88
\OT1/ptm/m/n/10 re-sulta da jun[][]ao dos ficheiros \OT1/pcr/m/n/10 IP_data.xlsx
 []


Underfull \hbox (badness 10000) in paragraph at lines 87--88
\OT1/ptm/m/n/10 e \OT1/pcr/m/n/10 PTD_data.xlsx \OT1/ptm/m/n/10 atrav[]es da vari[]avel
 []


Underfull \hbox (badness 3333) in paragraph at lines 87--88
\OT1/pcr/m/n/10 CodDistritoConcelho\OT1/ptm/m/n/10 , as-so-ciando a cada PTD as
 []


Underfull \hbox (badness 3291) in paragraph at lines 87--88
\OT1/ptm/m/n/10 foram re-movi-dos por aus[]encia de n[]^^Pvel de utiliza[][]ao,
 []


Overfull \hbox (53.02373pt too wide) detected at line 95
[]
 []

<../fig_bimodal.png, id=17, 860.013pt x 357.0138pt>
File: ../fig_bimodal.png Graphic file (type png)
<use ../fig_bimodal.png>
Package pdftex.def Info: ../fig_bimodal.png  used on input line 104.
(pdftex.def)             Requested size: 120.95892pt x 50.21037pt.
<../fig_utilizRede.png, id=19, 524.6802pt x 280.4076pt>
File: ../fig_utilizRede.png Graphic file (type png)
<use ../fig_utilizRede.png>
Package pdftex.def Info: ../fig_utilizRede.png  used on input line 109.
(pdftex.def)             Requested size: 120.95892pt x 64.64214pt.
<../fig_outliers.png, id=20, 860.013pt x 352.6776pt>
File: ../fig_outliers.png Graphic file (type png)
<use ../fig_outliers.png>
Package pdftex.def Info: ../fig_outliers.png  used on input line 119.
(pdftex.def)             Requested size: 226.79846pt x 93.00706pt.

Underfull \hbox (badness 6859) in paragraph at lines 135--135
[]\OT1/ptm/m/n/8 Identificadores, co-or-
 []


Underfull \hbox (badness 7256) in paragraph at lines 135--135
\OT1/ptm/m/n/8 de-nadas, \OT1/pcr/m/n/8 Pot[]encia
 []


Underfull \hbox (badness 2111) in paragraph at lines 135--136
[]\OT1/ptm/m/n/8 Sem poder pred-i-tivo; re-dun-
 []


Underfull \hbox (badness 10000) in paragraph at lines 137--137
[]\OT1/pcr/m/n/8 N[]^^Pvel de
 []


Underfull \hbox (badness 10000) in paragraph at lines 137--137
\OT1/pcr/m/n/8 Utiliza[][]ao [%]
 []


Underfull \hbox (badness 10000) in paragraph at lines 137--138
[]\OT1/ptm/m/n/8 Redundante com
 []


Underfull \hbox (badness 10000) in paragraph at lines 139--139
[]\OT1/pcr/m/n/8 Distrito\OT1/ptm/m/n/8 ,
 []


Underfull \hbox (badness 10000) in paragraph at lines 139--139
\OT1/pcr/m/n/8 Concelho\OT1/ptm/m/n/8 ,
 []


Overfull \hbox (17.22273pt too wide) in paragraph at lines 139--139
\OT1/pcr/m/n/8 CodDistritoConcelho| 
 []


Overfull \hbox (14.42273pt too wide) in paragraph at lines 140--140
[]\OT1/pcr/m/n/8 Pot_Contratada_kVA\OT1/ptm/m/n/8 ,
 []


Overfull \hbox (36.42274pt too wide) in paragraph at lines 140--140
\OT1/pcr/m/n/8 PContratada_per_Cliente
 []


Underfull \hbox (badness 10000) in paragraph at lines 140--141
[]\OT1/ptm/m/n/8 Mediana por \OT1/pcr/m/n/8 Tipo
 []


Underfull \hbox (badness 10000) in paragraph at lines 141--141
[]\OT1/pcr/m/n/8 Util_Decimal\OT1/ptm/m/n/8 ,
 []


Underfull \hbox (badness 10000) in paragraph at lines 141--141
[]\OT1/ptm/m/n/8 Exclu[]^^Pdas
 []


Underfull \hbox (badness 10000) in paragraph at lines 142--143
[]\OT1/ptm/m/n/8 Constante (13.2 kVA),
 []


Underfull \hbox (badness 10000) in paragraph at lines 143--143
[]\OT1/pcr/m/n/8 Tipo
 []


Underfull \hbox (badness 10000) in paragraph at lines 143--144
[]\OT1/ptm/m/it/8 Label en-cod-ing
 []


Underfull \hbox (badness 1881) in paragraph at lines 148--149
\OT1/ptm/m/n/10 para modela[][]ao, in-cluindo vari[]aveis es-tru-tu-rais do PTD
 []


Underfull \hbox (badness 10000) in paragraph at lines 148--149
\OT1/pcr/m/n/10 Cap_per_Cliente\OT1/ptm/m/n/10 , \OT1/pcr/m/n/10 PContratada_per_Cliente\OT1/ptm/m/n/10 ,
 []


Underfull \hbox (badness 10000) in paragraph at lines 148--149
\OT1/pcr/m/n/10 Tipo_Construtivo_enc\OT1/ptm/m/n/10 ), vari[]aveis de ilumina[][]ao
 []


Underfull \hbox (badness 10000) in paragraph at lines 148--149
\OT1/ptm/m/n/10 p[]ublica agre-gadas ao con-celho (\OT1/pcr/m/n/10 P_IP_Total\OT1/ptm/m/n/10 ,
 []

[2]
Underfull \hbox (badness 10000) in paragraph at lines 150--151
\OT1/ptm/m/n/10 seguida de \OT1/pcr/m/n/10 Cap_per_Cliente \OT1/ptm/m/n/10 ($\OML/cmm/m/it/10 r \OT1/cmr/m/n/10 = 0\OML/cmm/m/it/10 :\OT1/cmr/m/n/10 60$\OT1/ptm/m/n/10 ) e
 []


Underfull \hbox (badness 2556) in paragraph at lines 150--151
\OT1/pcr/m/n/10 Tipo_Construtivo_enc \OT1/ptm/m/n/10 ($\OML/cmm/m/it/10 r \OT1/cmr/m/n/10 = 0\OML/cmm/m/it/10 :\OT1/cmr/m/n/10 52$\OT1/ptm/m/n/10 ). As vari[]aveis
 []


Underfull \hbox (badness 10000) in paragraph at lines 150--151
\OT1/ptm/m/n/10 de ilumina[][]ao p[]ublica ap-re-sen-tam correla[][]oes fra-cas
 []


Underfull \hbox (badness 10000) in paragraph at lines 150--151
\OT1/ptm/m/n/10 (en-tre 0.08 e 0.39), con-fir-mando quan-ti-ta-ti-va-mente
 []


Underfull \hbox (badness 4291) in paragraph at lines 150--151
\OT1/ptm/m/n/10 que o im-pacto da transi[][]ao LED na folga de rede
 []


Underfull \hbox (badness 2343) in paragraph at lines 150--151
\OT1/ptm/m/n/10 ao n[]^^Pvel do PTD in-di-vid-ual []e marginal. Identificaram-
 []


Underfull \hbox (badness 10000) in paragraph at lines 150--151
\OT1/ptm/m/n/10 se ainda \OT1/ptm/m/it/10 clus-ters \OT1/ptm/m/n/10 de el-e-vada mul-ti-co-l-in-eari-dade:
 []


Underfull \hbox (badness 1565) in paragraph at lines 150--151
\OT1/cmr/m/n/10 0\OML/cmm/m/it/10 :\OT1/cmr/m/n/10 95$ \OT1/ptm/m/n/10 en-tre si) e \OT1/pcr/m/n/10 IP_Inef_per_PTD\OT1/ptm/m/n/10 /\OT1/pcr/m/n/10 Ganho_LED_PTD
 []

LaTeX Font Info:    Font shape `OT1/pcr/m/it' in size <10> not available
(Font)              Font shape `OT1/pcr/m/sl' tried instead on input line 153.

Underfull \hbox (badness 1917) in paragraph at lines 172--173
\OT1/ptm/m/it/10 m[]edio $\OMS/cmsy/m/n/10 ^^Y$\OT1/ptm/m/n/10 25%, \OT1/ptm/m/it/10 alto $\OMS/cmsy/m/n/10 ^^Y$\OT1/ptm/m/n/10 24%), con-sequ[]encia di-reta da na-
 []


Underfull \hbox (badness 10000) in paragraph at lines 176--177
[]\OT1/ptm/m/n/10 Todos os mod-e-los foram avali-a-dos por valida[][]ao
 []


Underfull \hbox (badness 10000) in paragraph at lines 176--177
\OT1/ptm/m/n/10 cruzada de 10 \OT1/ptm/m/it/10 folds \OT1/ptm/m/n/10 (\OT1/pcr/m/n/10 KFold\OT1/ptm/m/n/10 , \OT1/pcr/m/n/10 shuffle=True\OT1/ptm/m/n/10 ,
 []


Underfull \hbox (badness 2057) in paragraph at lines 176--177
\OT1/pcr/m/n/10 random_state=SEED\OT1/ptm/m/n/10 ), com o mesmo ob-jeto \OT1/pcr/m/n/10 KFold
 []


Underfull \hbox (badness 2671) in paragraph at lines 176--177
\OT1/ptm/m/n/10 vi-a-bi-lizar testes es-tat[]^^Psticos parea-dos. Para a regress[]ao,
 []

[3 <../fig_bimodal.png> <../fig_utilizRede.png> <../fig_outliers.png>]
Underfull \hbox (badness 1895) in paragraph at lines 185--186
[][]\OT1/ptm/b/n/10 Arvore de Regress[]ao\OT1/ptm/m/n/10 : pro-fun-di-dade (\OT1/pcr/m/n/10 max_depth\OT1/ptm/m/n/10 )
 []


Underfull \hbox (badness 10000) in paragraph at lines 185--186
\OT1/ptm/m/n/10 otimizada por busca em grelha so-bre
 []


Underfull \hbox (badness 10000) in paragraph at lines 185--186
\OMS/cmsy/m/n/10 f\OT1/cmr/m/n/10 3\OML/cmm/m/it/10 ; \OT1/cmr/m/n/10 5\OML/cmm/m/it/10 ; \OT1/cmr/m/n/10 7\OML/cmm/m/it/10 ; \OT1/cmr/m/n/10 10\OML/cmm/m/it/10 ; \OT1/cmr/m/n/10 15\OML/cmm/m/it/10 ; []\OMS/cmsy/m/n/10 g$\OT1/ptm/m/n/10 , se-le-cio-nando o valor que
 []


Underfull \hbox (badness 7326) in paragraph at lines 187--188
[]\OT1/ptm/b/n/10 Rede Neu-ronal\OT1/ptm/m/n/10 : avali-ada por 10-\OT1/ptm/m/it/10 fold \OT1/ptm/m/n/10 CV, com
 []


Overfull \hbox (54.08284pt too wide) in paragraph at lines 194--203
 [][] 
 []


Underfull \hbox (badness 3895) in paragraph at lines 214--215
\OT1/ptm/m/n/10 eu-clid-i-anas ex-igem padroniza[][]ao pr[]evia, dado que
 []


Underfull \hbox (badness 8038) in paragraph at lines 215--216
[]\OT1/ptm/b/n/10 Rede Neu-ronal\OT1/ptm/m/n/10 : avali-ada por 10-\OT1/ptm/m/it/10 fold \OT1/ptm/m/n/10 CV com
 []


Underfull \hbox (badness 6978) in paragraph at lines 215--216
\OT1/ptm/m/n/10 fun[][]ao de perda \OT1/pcr/m/n/10 categorical_crossentropy
 []


Underfull \hbox (badness 10000) in paragraph at lines 215--216
\OT1/ptm/m/n/10 e ativa[][]ao \OT1/pcr/m/n/10 softmax \OT1/ptm/m/n/10 na ca-mada de sa[]^^Pda.
 []


Underfull \hbox (badness 3919) in paragraph at lines 215--216
\OT1/ptm/m/n/10 Foram tes-tadas tr[]es configura[][]oes an[]alogas []as da
 []


Underfull \hbox (badness 2318) in paragraph at lines 215--216
\OT1/ptm/m/n/10 Tabela III[] (Shal-low [64,32]/\OT1/ptm/m/it/10 dropout \OT1/ptm/m/n/10 20%/LR $\OT1/cmr/m/n/10 10[]$\OT1/ptm/m/n/10 ;
 []


Underfull \hbox (badness 6944) in paragraph at lines 215--216
\OT1/ptm/m/n/10 Medium [128,64,32]/\OT1/ptm/m/it/10 dropout \OT1/ptm/m/n/10 20%/LR $\OT1/cmr/m/n/10 10[]$\OT1/ptm/m/n/10 ; Deep
 []


Underfull \hbox (badness 7344) in paragraph at lines 215--216
\OT1/ptm/m/n/10 [256,128,64,32]/\OT1/ptm/m/it/10 dropout \OT1/ptm/m/n/10 30%/LR $\OT1/cmr/m/n/10 5 \OMS/cmsy/m/n/10 ^^B \OT1/cmr/m/n/10 10[]$\OT1/ptm/m/n/10 ), com
 []


Underfull \hbox (badness 10000) in paragraph at lines 232--232
 \OT1/ptm/m/it/10 A. Re-sul-ta-dos da Regress[]ao para Folga de Rede
 []


Underfull \hbox (badness 3209) in paragraph at lines 235--236
[]\OT1/ptm/m/n/10 A pre-vis[]ao da vari[]avel cont[]^^Pnua \OT1/pcr/m/n/10 PFolga_PTD \OT1/ptm/m/n/10 rev-
 []

<../fig_lc_reg.png, id=36, 1004.0712pt x 356.532pt>
File: ../fig_lc_reg.png Graphic file (type png)
<use ../fig_lc_reg.png>
Package pdftex.def Info: ../fig_lc_reg.png  used on input line 243.
(pdftex.def)             Requested size: 252.0pt x 89.48094pt.
[4]
Overfull \hbox (31.24825pt too wide) in paragraph at lines 261--271
 [][] 
 []


Underfull \hbox (badness 1365) in paragraph at lines 273--280
[]\OT1/ptm/m/n/10 O SVM com \OT1/ptm/m/it/10 ker-nel \OT1/ptm/m/n/10 RBF obt[]em a mel-hor \OT1/ptm/m/it/10 Ac-cu-racy
 []

<../fig_knn_k.png, id=42, 570.4512pt x 279.9258pt>
File: ../fig_knn_k.png Graphic file (type png)
<use ../fig_knn_k.png>
Package pdftex.def Info: ../fig_knn_k.png  used on input line 291.
(pdftex.def)             Requested size: 206.64185pt x 101.4011pt.
[5 <../fig_lc_reg.png> <../fig_knn_k.png>]
<../fig_confusion_matrix.png, id=49, 443.7378pt x 424.4658pt>
File: ../fig_confusion_matrix.png Graphic file (type png)
<use ../fig_confusion_matrix.png>
Package pdftex.def Info: ../fig_confusion_matrix.png  used on input line 396.
(pdftex.def)             Requested size: 181.4403pt x 173.55928pt.

Underfull \hbox (badness 1354) in paragraph at lines 407--414
\OT1/ptm/m/n/10 de De-cis[]ao ($\OML/cmm/m/it/10 d \OT1/cmr/m/n/10 = 7$\OT1/ptm/m/n/10 ). A vari[]avel \OT1/pcr/m/n/10 Cap_per_Cliente
 []

<../fig_feat_imp_clf.png, id=50, 642.7212pt x 497.2176pt>
File: ../fig_feat_imp_clf.png Graphic file (type png)
<use ../fig_feat_imp_clf.png>
Package pdftex.def Info: ../fig_feat_imp_clf.png  used on input line 417.
(pdftex.def)             Requested size: 252.0pt x 194.9459pt.

Underfull \hbox (badness 10000) in paragraph at lines 422--422
[]\OT1/ptm/m/n/10 Fig. 6: |Im-port[]ancia das vari[]aveis na []Arvore de
 []


Underfull \hbox (badness 10000) in paragraph at lines 422--422
\OT1/ptm/m/n/10 De-cis[]ao (\OT1/ptm/m/it/10 Gini im-pu-rity\OT1/ptm/m/n/10 ). \OT1/pcr/m/n/10 Cap_per_Cliente \OT1/ptm/m/n/10 e
 []


Underfull \hbox (badness 10000) in paragraph at lines 422--422
\OT1/pcr/m/n/10 PContratada_per_Cliente \OT1/ptm/m/n/10 con-cen-tram $\OMS/cmsy/m/n/10 ^^Y$\OT1/ptm/m/n/10 89% da
 []


Underfull \hbox (badness 10000) in paragraph at lines 436--445
[]\OT1/ptm/m/n/10 Todas as vari[]aveis de Ilumina[][]ao P[]ublica
 []

<../fig_lc_clf.png, id=51, 1004.0712pt x 356.532pt>
File: ../fig_lc_clf.png Graphic file (type png)
<use ../fig_lc_clf.png>
Package pdftex.def Info: ../fig_lc_clf.png  used on input line 457.
(pdftex.def)             Requested size: 252.0pt x 89.48094pt.
[6 <../fig_confusion_matrix.png> <../fig_feat_imp_clf.png> <../fig_lc_clf.png>]
<../fig_nn_loss_clf.png, id=58, 1293.1512pt x 357.0138pt>
File: ../fig_nn_loss_clf.png Graphic file (type png)
<use ../fig_nn_loss_clf.png>
Package pdftex.def Info: ../fig_nn_loss_clf.png  used on input line 497.
(pdftex.def)             Requested size: 201.60077pt x 55.65796pt.

Underfull \hbox (badness 3746) in paragraph at lines 502--507
[]\OT1/ptm/m/n/10 As []Arvores de De-cis[]ao com pro-fun-di-dade ilim-i-tada
 []


Underfull \hbox (badness 4621) in paragraph at lines 513--522
[]\OT1/ptm/b/n/10 Vari[]avel tar-get com baixa resolu[][]ao. \OT1/ptm/m/n/10 A vari[]avel
 []


Underfull \hbox (badness 1629) in paragraph at lines 585--589
[]\OT1/ptm/b/n/10 Estratifica[][]ao dos mod-e-los por tipolo-gia de PTD.
 []

[7 <../fig_nn_loss_clf.png>]
Underfull \hbox (badness 1377) in paragraph at lines 598--604
[]\OT1/ptm/m/n/10 Este tra-balho demon-strou a apli-ca-bil-i-dade de t[]ecnicas
 []


Underfull \hbox (badness 10000) in paragraph at lines 701--704
[]\OT1/ptm/m/n/8 e-REDES, ``Por-tal de Da-dos Aber-tos,'' [On-line]. Avail-able:
 []


** Conference Paper **
Before submitting the final camera ready copy, remember to:

 1. Manually equalize the lengths of two columns on the last page
 of your paper;

 2. Ensure that any PostScript and/or PDF output post-processing
 uses only Type 1 fonts and that every step in the generation
 process uses the appropriate paper size.

[8] (./conference_101719.aux)
 ***********
LaTeX2e <2025-11-01>
L3 programming layer <2026-01-19>
 ***********
 ) 
Here is how much of TeX's memory you used:
 5978 strings out of 467525
 99476 string characters out of 5418982
 537568 words of memory out of 5000000
 34819 multiletter control sequences out of 15000+600000
 676045 words of font info for 142 fonts, out of 8000000 for 9000
 1141 hyphenation exceptions out of 8191
 67i,14n,77p,2074b,485s stack positions out of 10000i,1000n,20000p,200000b,200000s
</usr/local/texlive/2026/texmf-dist/fonts/type1/public/amsfonts/cm/cmmi10.pfb></usr/local/texlive/2026/texmf-dist/fonts/type1/public/amsfonts/cm/cmmi6.pfb></usr/local/texlive/2026/texmf-dist/fonts/type1/public/amsfonts/cm/cmmi7.pfb></usr/local/texlive/2026/texmf-dist/fonts/type1/public/amsfonts/cm/cmmi8.pfb></usr/local/texlive/2026/texmf-dist/fonts/type1/public/amsfonts/cm/cmr10.pfb></usr/local/texlive/2026/texmf-dist/fonts/type1/public/amsfonts/cm/cmr6.pfb></usr/local/texlive/2026/texmf-dist/fonts/type1/public/amsfonts/cm/cmr7.pfb></usr/local/texlive/2026/texmf-dist/fonts/type1/public/amsfonts/cm/cmr8.pfb></usr/local/texlive/2026/texmf-dist/fonts/type1/public/amsfonts/cm/cmsy10.pfb></usr/local/texlive/2026/texmf-dist/fonts/type1/public/amsfonts/cm/cmsy6.pfb></usr/local/texlive/2026/texmf-dist/fonts/type1/public/amsfonts/cm/cmsy7.pfb></usr/local/texlive/2026/texmf-dist/fonts/type1/public/amsfonts/cm/cmsy8.pfb></usr/local/texlive/2026/texmf-dist/fonts/type1/public/amsfonts/cm/cmsy9.pfb></usr/local/texlive/2026/texmf-dist/fonts/type1/urw/courier/ucrb8a.pfb></usr/local/texlive/2026/texmf-dist/fonts/type1/urw/courier/ucrr8a.pfb></usr/local/texlive/2026/texmf-dist/fonts/type1/urw/courier/ucrro8a.pfb></usr/local/texlive/2026/texmf-dist/fonts/type1/urw/times/utmb8a.pfb></usr/local/texlive/2026/texmf-dist/fonts/type1/urw/times/utmbi8a.pfb></usr/local/texlive/2026/texmf-dist/fonts/type1/urw/times/utmr8a.pfb></usr/local/texlive/2026/texmf-dist/fonts/type1/urw/times/utmri8a.pfb>
Output written on conference_101719.pdf (8 pages, 832661 bytes).
PDF statistics:
 151 PDF objects out of 1000 (max. 8388607)
 82 compressed objects within 1 object stream
 0 named destinations out of 1000 (max. 500000)
 46 words of extra memory for PDF output out of 10000 (max. 10000000)

